// Vitest Snapshot v1, https://vitest.dev/guide/snapshot.html

exports[`Boolean Control > should render a boolean control 1`] = `
"<div style=\\"left: 704px; top: 10px;\\" class=\\"tl-absolute tl-select-none tl-z-24 tl-w-280px tl-font-sans tl-text-xs\\">
  <div tabindex=\\"0\\" class=\\"tl-bg-white tl-shadow-xl tl-rounded tl-border-4 tl-border-solid tl-border-black\\">
    <header class=\\"tl-relative tl-cursor-grabbing tl-p-4 tl-flex tl-justify-between tl-text-gray-200 tl-relative\\"><i class=\\"tl-h-4 tl-w-4 tl-p-1.5 tl-flex tl-items-center tl-line-height-0 tl-rounded-full tl-bg-gray-100 tl-text-xs\\">🍰</i>
      <div><i class=\\"i-ic-baseline-drag-indicator\\"></i><i class=\\"i-ic-baseline-drag-indicator\\"></i><i class=\\"i-ic-baseline-drag-indicator\\"></i></div>
      <div></div>
    </header>
    <!--v-if-->
    <div>
      <div class=\\"tl-flex tl-px-4 tl-justify-start tl-gap-2 tl-items-center tl-mb-2 tl-min-h-32px\\"><label class=\\"tl-text-gray-500 tl-w-1/3\\">test</label><input id=\\"test\\" class=\\"tl-hidden\\" type=\\"checkbox\\"><label for=\\"test\\" class=\\"tl-inline-flex tl-items-center tl-cursor-pointer\\"><span tabindex=\\"0\\" role=\\"checkbox\\" aria-checked=\\"true\\" class=\\"tl-bg-dark-500 tl-w-4 tl-h-4 tl-flex tl-justify-center tl-items-center tl-rounded tl-border tl-border-gray-300 tl-mr-2 tl-transition-colors tl-duration-200\\"><i class=\\"i-ic:baseline-check tl-text-light\\"></i></span></label></div>
    </div>
  </div>
</div>"
`;

exports[`Boolean Control > should render a boolean control with a label 1`] = `
"<div style=\\"left: 704px; top: 10px;\\" class=\\"tl-absolute tl-select-none tl-z-24 tl-w-280px tl-font-sans tl-text-xs\\">
  <div tabindex=\\"0\\" class=\\"tl-bg-white tl-shadow-xl tl-rounded tl-border-4 tl-border-solid tl-border-black\\">
    <header class=\\"tl-relative tl-cursor-grabbing tl-p-4 tl-flex tl-justify-between tl-text-gray-200 tl-relative\\"><i class=\\"tl-h-4 tl-w-4 tl-p-1.5 tl-flex tl-items-center tl-line-height-0 tl-rounded-full tl-bg-gray-100 tl-text-xs\\">🍰</i>
      <div><i class=\\"i-ic-baseline-drag-indicator\\"></i><i class=\\"i-ic-baseline-drag-indicator\\"></i><i class=\\"i-ic-baseline-drag-indicator\\"></i></div>
      <div></div>
    </header>
    <!--v-if-->
    <div>
      <div class=\\"tl-flex tl-px-4 tl-justify-start tl-gap-2 tl-items-center tl-mb-2 tl-min-h-32px\\"><label class=\\"tl-text-gray-500 tl-w-1/3\\">test</label><input id=\\"test\\" class=\\"tl-hidden\\" type=\\"checkbox\\"><label for=\\"test\\" class=\\"tl-inline-flex tl-items-center tl-cursor-pointer\\"><span tabindex=\\"0\\" role=\\"checkbox\\" aria-checked=\\"true\\" class=\\"tl-bg-dark-500 tl-w-4 tl-h-4 tl-flex tl-justify-center tl-items-center tl-rounded tl-border tl-border-gray-300 tl-mr-2 tl-transition-colors tl-duration-200\\"><i class=\\"i-ic:baseline-check tl-text-light\\"></i></span></label></div>
    </div>
  </div>
</div>"
`;

exports[`boolean Control > should render a boolean control 1`] = `
"<div style="left: 704px; top: 10px;" class="tl-absolute tl-select-none tl-z-24 tl-w-280px tl-font-sans tl-text-xs">
  <div tabindex="0" class="tl-bg-white tl-shadow-xl tl-rounded tl-border-4 tl-border-solid tl-border-black">
    <header class="tl-relative tl-cursor-grabbing tl-p-4 tl-flex tl-justify-between tl-text-gray-200 tl-relative"><i class="tl-h-4 tl-w-4 tl-p-1.5 tl-flex tl-items-center tl-line-height-0 tl-rounded-full tl-bg-gray-100 tl-text-xs">🍰</i>
      <div><i class="i-ic-baseline-drag-indicator"></i><i class="i-ic-baseline-drag-indicator"></i><i class="i-ic-baseline-drag-indicator"></i></div>
      <div></div>
    </header>
    <!--v-if-->
    <div>
      <div class="tl-flex tl-px-4 tl-justify-start tl-gap-2 tl-items-center tl-mb-2 tl-min-h-32px"><label class="tl-text-gray-500 tl-w-1/3">test</label><input id="test" checked="" class="tl-hidden" type="checkbox"><label for="test" class="tl-inline-flex tl-items-center tl-cursor-pointer"><span tabindex="0" role="checkbox" aria-checked="true" class="tl-bg-dark-500 tl-w-4 tl-h-4 tl-flex tl-justify-center tl-items-center tl-rounded tl-border tl-border-gray-300 tl-mr-2 tl-transition-colors tl-duration-200"><i class="i-ic:baseline-check tl-text-light"></i></span></label></div>
    </div>
  </div>
</div>"
`;

exports[`boolean Control > should render a boolean control with a label 1`] = `
"<div style="left: 704px; top: 10px;" class="tl-absolute tl-select-none tl-z-24 tl-w-280px tl-font-sans tl-text-xs">
  <div tabindex="0" class="tl-bg-white tl-shadow-xl tl-rounded tl-border-4 tl-border-solid tl-border-black">
    <header class="tl-relative tl-cursor-grabbing tl-p-4 tl-flex tl-justify-between tl-text-gray-200 tl-relative"><i class="tl-h-4 tl-w-4 tl-p-1.5 tl-flex tl-items-center tl-line-height-0 tl-rounded-full tl-bg-gray-100 tl-text-xs">🍰</i>
      <div><i class="i-ic-baseline-drag-indicator"></i><i class="i-ic-baseline-drag-indicator"></i><i class="i-ic-baseline-drag-indicator"></i></div>
      <div></div>
    </header>
    <!--v-if-->
    <div>
      <div class="tl-flex tl-px-4 tl-justify-start tl-gap-2 tl-items-center tl-mb-2 tl-min-h-32px"><label class="tl-text-gray-500 tl-w-1/3">test</label><input id="test" checked="" class="tl-hidden" type="checkbox"><label for="test" class="tl-inline-flex tl-items-center tl-cursor-pointer"><span tabindex="0" role="checkbox" aria-checked="true" class="tl-bg-dark-500 tl-w-4 tl-h-4 tl-flex tl-justify-center tl-items-center tl-rounded tl-border tl-border-gray-300 tl-mr-2 tl-transition-colors tl-duration-200"><i class="i-ic:baseline-check tl-text-light"></i></span></label></div>
    </div>
  </div>
</div>"
`;
