// Vitest Snapshot v1, https://vitest.dev/guide/snapshot.html

exports[`Vector Control > should render multiple numeric inputs 1`] = `
"<div style=\\"left: 704px; top: 10px;\\" class=\\"tl-absolute tl-select-none tl-z-24 tl-w-280px tl-font-sans tl-text-xs\\">
  <div tabindex=\\"0\\" class=\\"tl-bg-white tl-shadow-xl tl-rounded tl-border-4 tl-border-solid tl-border-black\\">
    <header class=\\"tl-relative tl-cursor-grabbing tl-p-4 tl-flex tl-justify-between tl-text-gray-200 tl-relative\\"><i class=\\"tl-h-4 tl-w-4 tl-p-1.5 tl-flex tl-items-center tl-line-height-0 tl-rounded-full tl-bg-gray-100 tl-text-xs\\">🍰</i>
      <div><i class=\\"i-ic-baseline-drag-indicator\\"></i><i class=\\"i-ic-baseline-drag-indicator\\"></i><i class=\\"i-ic-baseline-drag-indicator\\"></i></div>
      <div></div>
    </header>
    <!--v-if-->
    <div>
      <div class=\\"tl-flex tl-px-4 tl-justify-between tl-gap-1 tl-items-center tl-mb-2\\"><label for=\\"position\\" title=\\"position\\" class=\\"tl-text-gray-500 tl-w-1/3 tl-truncate\\">position</label>
        <div class=\\"tl-relative tl-w-2/3 tl-flex tl-justify-between tl-gap-0.5\\">
          <div class=\\"tl-flex tl-items-center tl-bg-gray-100 tl-rounded tl-w-1/3 tl-w-1/2\\"><span class=\\"tl-font-bold tl-px-1 tl-py-1 tl-text-0.65rem tl-text-gray-300\\">x</span><input id=\\"position-x\\" type=\\"number\\" step=\\"1\\" class=\\"tl-w-full tl-px-0 tl-p-1 tl-text-right tl-text-0.65rem tl-text-gray-400 tl-bg-transparent focus:tl-border-gray-200 tl-outline-none tl-border-none tl-font-sans tl-appearence-none\\"></div>
          <div class=\\"tl-flex tl-items-center tl-bg-gray-100 tl-rounded tl-w-1/3 tl-w-1/2\\"><span class=\\"tl-font-bold tl-px-1 tl-py-1 tl-text-0.65rem tl-text-gray-300\\">y</span><input id=\\"position-y\\" type=\\"number\\" step=\\"1\\" class=\\"tl-w-full tl-px-0 tl-p-1 tl-text-right tl-text-0.65rem tl-text-gray-400 tl-bg-transparent focus:tl-border-gray-200 tl-outline-none tl-border-none tl-font-sans tl-appearence-none\\"></div>
          <div class=\\"tl-flex tl-items-center tl-bg-gray-100 tl-rounded tl-w-1/3 tl-w-1/2\\"><span class=\\"tl-font-bold tl-px-1 tl-py-1 tl-text-0.65rem tl-text-gray-300\\">z</span><input id=\\"position-z\\" type=\\"number\\" step=\\"1\\" class=\\"tl-w-full tl-px-0 tl-p-1 tl-text-right tl-text-0.65rem tl-text-gray-400 tl-bg-transparent focus:tl-border-gray-200 tl-outline-none tl-border-none tl-font-sans tl-appearence-none\\"></div>
        </div>
      </div>
    </div>
  </div>
</div>"
`;

exports[`vector Control > should render multiple numeric inputs 1`] = `
"<div style="left: 704px; top: 10px;" class="tl-absolute tl-select-none tl-z-24 tl-w-280px tl-font-sans tl-text-xs">
  <div tabindex="0" class="tl-bg-white tl-shadow-xl tl-rounded tl-border-4 tl-border-solid tl-border-black">
    <header class="tl-relative tl-cursor-grabbing tl-p-4 tl-flex tl-justify-between tl-text-gray-200 tl-relative"><i class="tl-h-4 tl-w-4 tl-p-1.5 tl-flex tl-items-center tl-line-height-0 tl-rounded-full tl-bg-gray-100 tl-text-xs">🍰</i>
      <div><i class="i-ic-baseline-drag-indicator"></i><i class="i-ic-baseline-drag-indicator"></i><i class="i-ic-baseline-drag-indicator"></i></div>
      <div></div>
    </header>
    <!--v-if-->
    <div>
      <div class="tl-flex tl-px-4 tl-justify-between tl-gap-1 tl-items-center tl-mb-2"><label for="position" title="position" class="tl-text-gray-500 tl-w-1/3 tl-truncate">position</label>
        <div class="tl-relative tl-w-2/3 tl-flex tl-justify-between tl-gap-0.5">
          <div class="tl-flex tl-items-center tl-bg-gray-100 tl-rounded tl-w-1/3 tl-w-1/2"><span class="tl-font-bold tl-px-1 tl-py-1 tl-text-0.65rem tl-text-gray-300">x</span><input id="position-x" type="number" step="1" class="tl-w-full tl-px-0 tl-p-1 tl-text-right tl-text-0.65rem tl-text-gray-400 tl-bg-transparent focus:tl-border-gray-200 tl-outline-none tl-border-none tl-font-sans tl-appearence-none" value="0.00"></div>
          <div class="tl-flex tl-items-center tl-bg-gray-100 tl-rounded tl-w-1/3 tl-w-1/2"><span class="tl-font-bold tl-px-1 tl-py-1 tl-text-0.65rem tl-text-gray-300">y</span><input id="position-y" type="number" step="1" class="tl-w-full tl-px-0 tl-p-1 tl-text-right tl-text-0.65rem tl-text-gray-400 tl-bg-transparent focus:tl-border-gray-200 tl-outline-none tl-border-none tl-font-sans tl-appearence-none" value="2.00"></div>
          <div class="tl-flex tl-items-center tl-bg-gray-100 tl-rounded tl-w-1/3 tl-w-1/2"><span class="tl-font-bold tl-px-1 tl-py-1 tl-text-0.65rem tl-text-gray-300">z</span><input id="position-z" type="number" step="1" class="tl-w-full tl-px-0 tl-p-1 tl-text-right tl-text-0.65rem tl-text-gray-400 tl-bg-transparent focus:tl-border-gray-200 tl-outline-none tl-border-none tl-font-sans tl-appearence-none" value="4.00"></div>
        </div>
      </div>
    </div>
  </div>
</div>"
`;
